// Jest Snapshot v1, https://goo.gl/fbAQLP

exports[`renders correctly 1`] = `
<div>
  <h3>
    This is bar
  </h3>
  <div>
    This is the foo component!
  </div>
</div>
`;
