// Jest Snapshot v1, https://goo.gl/fbAQLP

exports[`ComponentWithNamedExport matches snapshot 1`] = `
<div>
  <h1>
    Annoying form modal!
  </h1>
  <LibraryForm />
  <LibraryButton
    text="Submit"
  />
</div>
`;
