// Jest Snapshot v1, https://goo.gl/fbAQLP

exports[`ComponentWithDependency matches snapshot 1`] = `
<div>
  <h1>
    Unwanted popup!  Click ok to make this go away.
  </h1>
  <LibraryButton
    text="Ok"
  />
</div>
`;
